 Mihari  ·  ●  ·  0c  ·  ↑0/s ↓0/s  ·  0                        Offline 
    Overview   ╭───Controls───────────────────────────────────────────╮ 
    Proxies    │ Level: ALL  Wrap: ● Off  Pause: ● Off                │ 
    Conns      │ / Search…                                            │ 
    Rules      ╰──────────────────────────────────────────────────────╯ 
  › Logs       ╭───Logs───────────────────────────────────────────────╮ 
    Subs       │   Time      Level    Message                         │ 
    Web GUI    │   ────────────────────────────────────────────────── │ 
    System     │   22:13:20  INFO     daemon started                  │ 
               │   22:13:21  WARNING  geoip database missing          │ 
               │   22:13:22  ERROR    upstream connection reset       │ 
               ╰──────────────────────────────────────────────────────╯ 
                                                                        
                                                                        
                                                                        
                                                                        
                                                                        
                                                                        
                                                                        
                                                                        
                                                                        
 Esc back  / search  p pause  w wrap  G newest  ? help  q quit          