 Mihari  ·  ●  ·  0c  ·  ↑0 ↓0  ·  0 
    Overview   Level: All  Wrap: Off  Pause: Off                        
    Proxies    / Search…                                                
                 Time      Level    Message                             
 Connections     ────────────────────────────────────────────────────── 
    Rules        22:13:20  INFO     daemon started                      
  › Logs         22:13:21  WARNING  geoip database missing              
                 22:13:22  ERROR    upstream connection reset           
 Subscription                                                           
 s                                                                      
    Web GUI                                                             
    System                                                              
                                                                        
                                                                        
                                                                        
                                                                        
                                                                        
                                                                        
                                                                        
                                                                        
                                                                        
 Esc back  / search  p pause  w wrap  G newest  ? help  q quit          