 Mihari  ·  ●  ·  1 conn  ·  ↑0 B/s  ↓0 B/s  ·  0 B 
 Mihari          [Active 1 | Closed 0]  [Source IP: All]  [Columns]  [Pause]                        
                  / Search…                                                                         
    Overview     Host  Network  Chain  Traffic                                                      
    Proxies        example.com  —/TCP  DIRECT  UL 0 B/s DL 0 B/s                                    
  › Connections                                                                                     
    Rules                                                                                           
    Logs                                                                                            
                                                                                                    
 Subscriptions                                                                                      
    Web GUI                                                                                         
    System                                                                                          
                                                                                                    
                                                                                                    
                                                                                                    
                                                                                                    
                                                                                                    
                                                                                                    
                                                                                                    
                                                                                                    
                                                                                                    
                                                                                                    
                                                                                                    
                                                                                                    
                                                                                                    
                                                                                                    
                                                                                                    
 Type to filter  Enter/Esc done  ? help  q quit                                                     