 Mihari  ·  ●  ·  0 conn  ·  ↑      0 B/s  ↓      0 B/s  ·  0 B                                       Offline
   1 Overview
   2 Proxies       ╭───Connection details─────────────────────────────────────────────────────────────────╮
 › 3 Conns         │ ○ Closed                                                                             │
   4 Rules         │                                                                                      │
   5 Logs          │ api.example.test:443                                                                 │
   6 Subs          │                                                                                      │
   7 Web GUI       │ ↑ Upload                                    ↓ Download                               │
   8 System        │ Last rate   1.0 KiB/s                       Last rate   3.0 KiB/s                    │
                   │ Sent        2.0 KiB                         Received    4.0 KiB                      │
                   │                                                                                      │
                   │ ● APPLICATION                                                                        │
                   │ │ chrome.exe                                                                         │
                   │ │ Source            192.168.1.12:52341                                               │
                   │ │ Process path      C:/Apps/Browser/chrome.exe                                       │
                   │ │                                                                                    │
                   │ ● ROUTING                                                                            │
                   │ │ Inbound           mixed-in · HTTP · TCP                                            │
                   │ │ Rule Matched      DomainSuffix · example.test                                      │
                   │ │                                                                                    │
                   │ │ Proxy                                                                              │
                   │ │   └─ Auto Select                                                                   │
                   │ │      └─ Japan 01                                                                   │
                   │ │                                                                                    │
                   │ ● OUTBOUND                                                                           │
                   │ │ Japan 01                                                                           │
                   │ │ Remote            —                                                                │
                   │ │ GeoIP             —                                                                │
                   │ │                                                                                    │
                   │ ● DESTINATION                                                                        │
                   │   Host              api.example.test                                                 │
                   │   Destination       203.0.113.24:443                                                 │
                   │   GeoIP             Unavailable                                                      │
                   │                                                                                      │
                   │ Started           2026-09-16 10:30:00                                                │
                   │ Closed observed   2026-09-16 10:31:00                                                │
                   │ Connection ID     8d37b6a2-51a4-4f9e-b1d9-6e84b12fa205                               │
                   ╰──────────────────────────────────────────────────────────────────────────────────────╯

 F2 details  Enter/Esc close  ↑/↓ scroll  ? help  q quit