 Mihari  ·  ● running  ·  Main  ·  0 conn  ·  ↑      0 B/s  ↓      0 B/s  ·  0 B            Offline 
 › 1 Overview     ██████   ██████  ███  █████                           ███                         
   2 Proxies     ░░██████ ██████  ░░░  ░░███                           ░░░                          
   3 Conns        ░███░█████░███  ████  ░███████    ██████   ████████  ████                         
   4 Rules        ░███░░███ ░███ ░░███  ░███░░███  ░░░░░███ ░░███░░███░░███                         
   5 Logs         ░███ ░░░  ░███  ░███  ░███ ░███   ███████  ░███ ░░░  ░███                         
   6 Subs         ░███      ░███  ░███  ░███ ░███  ███░░███  ░███      ░███                         
   7 Web GUI      █████     █████ █████ ████ █████░░████████ █████     █████                        
   8 System      ░░░░░     ░░░░░ ░░░░░ ░░░░ ░░░░░  ░░░░░░░░ ░░░░░     ░░░░░                         
                 ╭───General─────────────────────────────╮╭───Core────────────────────────────────╮ 
                 │ Service    —                          ││ ● running  v1.19.0 · MEM 0 B          │ 
                 │ Mihari     dev                        ││ 0 conn · ↑0 B  ↓0 B                   │ 
                 │ SysProxy   —                          ││ UL ▁▁▁▁▁▁▁▁▁▁▁▁▁▁▁▁▁▁▁▁▁▁▁▁ 0 B/s     │ 
                 │ TUN        —                          ││ DL ▁▁▁▁▁▁▁▁▁▁▁▁▁▁▁▁▁▁▁▁▁▁▁▁ 0 B/s     │ 
                 │ Health     ● All Config Desired and   ││                                       │ 
                 │            Applied Successfully       ││                                       │ 
                 ╰───────────────────────────────────────╯╰───────────────────────────────────────╯ 
                 ╭───Subscription────────────────────────╮╭───Web GUI─────────────────────────────╮ 
                 │ Main · 2026-08-03 12:00               ││ Web GUI status unavailable            │ 
                 ╰───────────────────────────────────────╯╰───────────────────────────────────────╯ 
                 ╭───Recent operations────────────────────────────────────────────────────────────╮ 
                 │ No operations in this session                                                  │ 
                 ╰────────────────────────────────────────────────────────────────────────────────╯ 
                                                                                                    
                                                                                                    
                                                                                                    
                                                                                                    
 Esc back  ? help  q quit                                                                           