 Mihari                  ╭──────────────────────────────────────────────────────────────────────╮   
                         │ Core                                                                 │   
  › Overview             │ running · v1.19.0                                                    │   
    Proxies              │ PID 4242                                                             │   
    Connections          ╰──────────────────────────────────────────────────────────────────────╯   
    Rules                ╭──────────────────────────────────────────────────────────────────────╮   
    Logs                 │ Config                                                               │   
    Subscriptions        │ ok                                                                   │   
    Web GUI              │ Desired 1 · Observed 1                                               │   
    System               ╰──────────────────────────────────────────────────────────────────────╯   
                         ╭──────────────────────────────────────────────────────────────────────╮   
Traffic · 60 s           │ Subscription                                                         │   
UL ▁▁▁▁▁▁▁▁▁▁▁▁▁▁▁▁▁▁▁▁▁ │ Main · 2026-08-03 12:00                                              │   
DL ▁▁▁▁▁▁▁▁▁▁▁▁▁▁▁▁▁▁▁▁▁ ╰──────────────────────────────────────────────────────────────────────╯   
Memory · 60 s            ╭──────────────────────────────────────────────────────────────────────╮   
▁▁▁▁▁▁▁▁▁▁▁▁▁▁▁▁▁▁▁▁▁▁▁▁ │ Web GUI                                                              │   
Connections 0            │ Web GUI lifecycle support arrives in Phase 5.                        │   
Memory 0 B               ╰──────────────────────────────────────────────────────────────────────╯   
UL 0 B/s                 ╭──────────────────────────────────────────────────────────────────────╮   
DL 0 B/s                 │ Traffic · 60 s                                                       │   
Uploaded 0 B             │ Connections 0                                                        │   
Downloaded 0 B           │ UL 0 B/s · DL 0 B/s · MEM 0 B                                        │   
                         │ UL ▁▁▁▁▁▁▁▁▁▁▁▁▁▁▁▁▁▁▁▁▁▁▁▁▁▁▁▁▁▁▁▁▁▁▁▁▁▁▁▁▁▁▁▁▁▁▁▁▁▁                │   
                         │ DL ▁▁▁▁▁▁▁▁▁▁▁▁▁▁▁▁▁▁▁▁▁▁▁▁▁▁▁▁▁▁▁▁▁▁▁▁▁▁▁▁▁▁▁▁▁▁▁▁▁▁                │   
                         ╰──────────────────────────────────────────────────────────────────────╯   
                         ╭──────────────────────────────────────────────────────────────────────╮   
                         │ Recent operations                                                    │   
                         │ No operations in this session                                        │   
                         ╰──────────────────────────────────────────────────────────────────────╯   
 ← back  ? help  q quit                                                                             