 Mihari  ·  ● running  ·  v1.19.0  ·  Main  ·  0 conn  ·  ↑0 B/s  ↓0 B/s  ·  0 B            Offline 
  › Overview     ╭───General─────────────────────────────╮╭───Core────────────────────────────────╮ 
    Proxies      │ Service    —                          ││ ● running  v1.19.0 · MEM 0 B          │ 
    Conns        │ Mihari     dev                        ││ 0 conn · ↑0 B  ↓0 B                   │ 
    Rules        │ SysProxy   —                          ││ UL ▁▁▁▁▁▁▁▁▁▁▁▁▁▁▁▁▁▁▁▁▁▁▁▁ 0 B/s     │ 
    Logs         │ TUN        —                          ││ DL ▁▁▁▁▁▁▁▁▁▁▁▁▁▁▁▁▁▁▁▁▁▁▁▁ 0 B/s     │ 
    Subs         │ Health     ● All Config Desired and   │╰───────────────────────────────────────╯ 
    Web GUI      │            Applied Successfully       │                                          
    System       ╰───────────────────────────────────────╯                                          
                 ╭───Subscription────────────────────────╮╭───Web GUI─────────────────────────────╮ 
                 │ Main · 2026-08-03 12:00               ││ Web GUI status unavailable            │ 
                 ╰───────────────────────────────────────╯╰───────────────────────────────────────╯ 
                 ╭───Recent operations────────────────────────────────────────────────────────────╮ 
                 │ No operations in this session                                                  │ 
                 ╰────────────────────────────────────────────────────────────────────────────────╯ 
                                                                                                    
                                                                                                    
                                                                                                    
                                                                                                    
                                                                                                    
                                                                                                    
                                                                                                    
                                                                                                    
                                                                                                    
                                                                                                    
                                                                                                    
                                                                                                    
 Esc back  ? help  q quit                                                                           