 Mihari  ·  ●  ·  0 conn  ·  ↑0 B/s  ↓0 B/s  ·  0 B                                         Offline 
    Overview     › ▸ GLOBAL  SELECTOR · 2                                                           
  › Proxies                                                                                         
    Conns          ▸ Auto  URLTEST · 2                                                              
    Rules                                                                                           
    Logs                                                                                            
    Subs                                                                                            
    Web GUI                                                                                         
    System                                                                                          
                                                                                                    
                                                                                                    
                                                                                                    
                                                                                                    
                                                                                                    
                                                                                                    
                                                                                                    
                                                                                                    
                                                                                                    
                                                                                                    
                                                                                                    
                                                                                                    
                                                                                                    
                                                                                                    
                                                                                                    
                                                                                                    
                                                                                                    
                                                                                                    
 Esc back  Enter expand  t test  Ctrl+T test all  ? help  q quit                                    