 Mihari  ·  ●  ·  0 conn  ·  ↑0 B/s  ↓0 B/s  ·  0 B 
 Mihari          › ▸ GLOBAL  SELECTOR · 2                                                           
                                                                                                    
    Overview       ▸ Auto  URLTEST · 2                                                              
  › Proxies                                                                                         
    Connections                                                                                     
    Rules                                                                                           
    Logs                                                                                            
                                                                                                    
 Subscriptions                                                                                      
    Web GUI                                                                                         
    System                                                                                          
                                                                                                    
                                                                                                    
                                                                                                    
                                                                                                    
                                                                                                    
                                                                                                    
                                                                                                    
                                                                                                    
                                                                                                    
                                                                                                    
                                                                                                    
                                                                                                    
                                                                                                    
                                                                                                    
                                                                                                    
 ← back  Enter expand  t test  Ctrl+T test all  ? help  q quit                                      