 Mihari                      > ▸ GLOBAL  SELECTOR · 2                                                   
                                                                                                        
    Overview                   ▸ Auto  URLTEST · 2                                                      
  › Proxies                                                                                             
    Connections                                                                                         
    Rules                                                                                               
    Logs                                                                                                
    Subscriptions                                                                                       
    Web GUI                                                                                             
    System                                                                                              
                                                                                                        
Traffic · 60 s                                                                                          
UL ▁▁▁▁▁▁▁▁▁▁▁▁▁▁▁▁▁▁                                                                                   
DL ▁▁▁▁▁▁▁▁▁▁▁▁▁▁▁▁▁▁                                                                                   
Memory · 60 s                                                                                           
  ▁▁▁▁▁▁▁▁▁▁▁▁▁▁▁▁▁▁                                                                                    
Connections 0                                                                                           
Memory 0 B                                                                                              
UL 0 B/s  DL 0 B/s                                                                                      
Uploaded 0 B  Downloaded 0 B                                                                            
                                                                                                        
                                                                                                        
                                                                                                        
                                                                                                        
                                                                                                        
                                                                                                        
                                                                                                        
 ← navigation  ? help  q quit                                                                       