 Mihari                  ╭──────────────────────────────────────────────────────────────────────╮   
                         │ Core                                                                 │   
  › Overview             │ running · v1.19.0                                                    │   
    Proxies              │ PID 0                                                                │   
    Connections          ╰──────────────────────────────────────────────────────────────────────╯   
    Rules                ╭──────────────────────────────────────────────────────────────────────╮   
    Logs                 │ Config                                                               │   
    Subscriptions        │ Not applied                                                          │   
    Web GUI              ╰──────────────────────────────────────────────────────────────────────╯   
    System               ╭──────────────────────────────────────────────────────────────────────╮   
                         │ Subscription                                                         │   
Traffic · 60 s           │ None configured                                                      │   
UL ▁▁▁▁▁▁▁▁▁▁▁▁▁▁▁▁▁▁▁▁▁ ╰──────────────────────────────────────────────────────────────────────╯   
DL ▁▁▁▁▁▁▁▁▁▁▁▁▁▁▁▁▁▁▁▁▁ ╭──────────────────────────────────────────────────────────────────────╮   
Memory · 60 s            │ Web GUI                                                              │   
▁▁▁▁▁▁▁▁▁▁▁▁▁▁▁▁▁▁▁▁▁▁▁▁ │ Web GUI lifecycle support arrives in Phase 5.                        │   
Connections 0 · Stale    ╰──────────────────────────────────────────────────────────────────────╯   
Memory 0 B               ╭──────────────────────────────────────────────────────────────────────╮   
UL 0 B/s                 │ Traffic · 60 s                                                       │   
DL 0 B/s                 │ Connections 0                                                        │   
Uploaded 0 B             │ UL 0 B/s · DL 0 B/s · MEM 0 B                                        │   
Downloaded 0 B           │ UL ▁▁▁▁▁▁▁▁▁▁▁▁▁▁▁▁▁▁▁▁▁▁▁▁▁▁▁▁▁▁▁▁▁▁▁▁▁▁▁▁▁▁▁▁▁▁▁▁▁▁                │   
                         │ DL ▁▁▁▁▁▁▁▁▁▁▁▁▁▁▁▁▁▁▁▁▁▁▁▁▁▁▁▁▁▁▁▁▁▁▁▁▁▁▁▁▁▁▁▁▁▁▁▁▁▁                │   
                         ╰──────────────────────────────────────────────────────────────────────╯   
                         ╭──────────────────────────────────────────────────────────────────────╮   
                         │ Recent operations                                                    │   
                         │ No operations in this session                                        │   
                         ╰──────────────────────────────────────────────────────────────────────╯   
 ← back  ? help  q quit  ·  Daemon disconnected — actions paused                                    