 Mihari  ·  ● running  ·  v1.19.0  ·  0 conn  ·  ↑0 B/s  ↓0 B/s  ·  0 B                Reconnecting 
  › Overview     ╭───General─────────────────────────────╮╭───Core────────────────────────────────╮ 
    Proxies      │ Service    —                          ││ ● running · Stale  v1.19.0 · MEM 0 B  │ 
    Conns        │ Mihari     dev                        ││ 0 conn · Stale · ↑0 B  ↓0 B           │ 
    Rules        │ SysProxy   —                          ││ UL ▁▁▁▁▁▁▁▁▁▁▁▁▁▁▁▁▁▁▁▁▁▁▁▁ 0 B/s     │ 
    Logs         │ TUN        —                          ││ DL ▁▁▁▁▁▁▁▁▁▁▁▁▁▁▁▁▁▁▁▁▁▁▁▁ 0 B/s     │ 
    Subs         │ Health     ● Not applied              │╰───────────────────────────────────────╯ 
    Web GUI      ╰───────────────────────────────────────╯                                          
    System       ╭───Subscription────────────────────────╮╭───Web GUI─────────────────────────────╮ 
                 │ None configured                       ││ Web GUI status unavailable            │ 
                 ╰───────────────────────────────────────╯╰───────────────────────────────────────╯ 
                 ╭───Recent operations────────────────────────────────────────────────────────────╮ 
                 │ No operations in this session                                                  │ 
                 ╰────────────────────────────────────────────────────────────────────────────────╯ 
                                                                                                    
                                                                                                    
                                                                                                    
                                                                                                    
                                                                                                    
                                                                                                    
                                                                                                    
                                                                                                    
                                                                                                    
                                                                                                    
                                                                                                    
                                                                                                    
                                                                                                    
 Esc back  ? help  q quit  ·  Daemon disconnected — actions paused                                  