 Mihari  ·  ● running v1.19.0  ·  0 conn  ·  ↑0 B/s  ↓0 B/s  ·  0 B                    Reconnecting 
  › Overview     ╭───General──────────────────────────────────────────────────────────────────────╮ 
    Proxies      │ Service    —                                                                   │ 
    Conns        │ Mihari     dev                                                                 │ 
    Rules        │ SysProxy   —                                                                   │ 
    Logs         │ TUN        —                                                                   │ 
    Subs         ╰────────────────────────────────────────────────────────────────────────────────╯ 
    Web GUI      ╭───Core────────────────────────────────╮╭───Config──────────────────────────────╮ 
    System       │ ● running  v1.19.0                    ││ Not applied                           │ 
                 │ PID 0                                 │╰───────────────────────────────────────╯ 
                 ╰───────────────────────────────────────╯                                          
                 ╭───Subscription────────────────────────╮╭───Web GUI─────────────────────────────╮ 
                 │ None configured                       ││ Web GUI status unavailable            │ 
                 ╰───────────────────────────────────────╯╰───────────────────────────────────────╯ 
                 ╭───Traffic · 60 s───────────────────────────────────────────────────────────────╮ 
                 │ Connections 0                                                                  │ 
                 │ UL 0 B/s · DL 0 B/s · MEM 0 B                                                  │ 
                 │ UL ▁▁▁▁▁▁▁▁▁▁▁▁▁▁▁▁▁▁▁▁▁▁▁▁▁▁▁▁▁▁▁▁▁▁▁▁▁▁▁▁▁▁▁▁▁▁▁▁▁▁                          │ 
                 │ DL ▁▁▁▁▁▁▁▁▁▁▁▁▁▁▁▁▁▁▁▁▁▁▁▁▁▁▁▁▁▁▁▁▁▁▁▁▁▁▁▁▁▁▁▁▁▁▁▁▁▁                          │ 
                 ╰────────────────────────────────────────────────────────────────────────────────╯ 
                 ╭───Recent operations────────────────────────────────────────────────────────────╮ 
                 │ No operations in this session                                                  │ 
                 ╰────────────────────────────────────────────────────────────────────────────────╯ 
                                                                                                    
                                                                                                    
                                                                                                    
                                                                                                    
 Esc back  ? help  q quit  ·  Daemon disconnected — actions paused                                  