 Mihari  ·  ●  ·  0 conn  ·  ↑0 B/s  ↓0 B/s  ·  0 B 
 Mihari           Web GUI                                                                           
                                                                                                    
    Overview      Unavailable: Web GUI lifecycle is not available in this build.                    
    Proxies                                                                                         
    Connections                                                                                     
    Rules                                                                                           
    Logs                                                                                            
                                                                                                    
 Subscriptions                                                                                      
  › Web GUI                                                                                         
    System                                                                                          
                                                                                                    
                                                                                                    
                                                                                                    
                                                                                                    
                                                                                                    
                                                                                                    
                                                                                                    
                                                                                                    
                                                                                                    
                                                                                                    
                                                                                                    
                                                                                                    
                                                                                                    
                                                                                                    
                                                                                                    
 ← back  ? help  q quit                                                                             