 Mihari  ·  ●  ·  0 conn  ·  ↑0 B/s  ↓0 B/s  ·  0 B 
    Overview      Web GUI                                                                           
    Proxies                                                                                         
    Connections   Unavailable: Web GUI lifecycle is not available in this build.                    
    Rules                                                                                           
    Logs                                                                                            
                                                                                                    
 Subscriptions                                                                                      
  › Web GUI                                                                                         
    System                                                                                          
                                                                                                    
                                                                                                    
                                                                                                    
                                                                                                    
                                                                                                    
                                                                                                    
                                                                                                    
                                                                                                    
                                                                                                    
                                                                                                    
                                                                                                    
                                                                                                    
                                                                                                    
                                                                                                    
                                                                                                    
                                                                                                    
                                                                                                    
 Esc back  ? help  q quit                                                                           