 Mihari                   Web GUI                                                                   
                                                                                                    
    Overview              Unavailable: Web GUI lifecycle support arrives in Phase 5.                
    Proxies                                                                                         
    Connections                                                                                     
    Rules                                                                                           
    Logs                                                                                            
    Subscriptions                                                                                   
  › Web GUI                                                                                         
    System                                                                                          
                                                                                                    
Traffic · 60 s                                                                                      
UL ▁▁▁▁▁▁▁▁▁▁▁▁▁▁▁▁▁▁▁▁▁                                                                            
DL ▁▁▁▁▁▁▁▁▁▁▁▁▁▁▁▁▁▁▁▁▁                                                                            
Memory · 60 s                                                                                       
▁▁▁▁▁▁▁▁▁▁▁▁▁▁▁▁▁▁▁▁▁▁▁▁                                                                            
Connections 0                                                                                       
Memory 0 B                                                                                          
UL 0 B/s                                                                                            
DL 0 B/s                                                                                            
Uploaded 0 B                                                                                        
Downloaded 0 B                                                                                      
                                                                                                    
                                                                                                    
                                                                                                    
                                                                                                    
                                                                                                    
 ← back  ? help  q quit                                                                             