 Mihari  ·  ●  ·  0c  ·  ↑     0/s ↓     0/s  ·  0              Offline
   1 Overview  ╭───Routing────────────────────────────────────────────╮
 › 2 Proxies   │ › Mode     Rule · Press Enter to Change              │
   3 Conns     │   GLOBAL   DIRECT · direct connection                │
   4 Rules     ╰──────────────────────────────────────────────────────╯
   5 Logs      ╭───GLOBAL · SELECTOR · 3──────────────────────────────╮
   6 Subs      │   ▸  Now: DIRECT  Locate Selected                    │
   7 Web GUI   ╰──────────────────────────────────────────────────────╯
   8 System












 ↑/↓ move  Enter select  Esc back  ? help  q quit