
    ╭──────────────────────────────────────────────────────────────╮
    │                                                              │
    │  Update Mihari                                               │
    │                                                              │
    │  Installed                                                   │
    │    Binary   Unknown[abcdefghabcdefghabcdefghabcdefghabcdefg  │
    │             habcdefghabcdefghabcdefghabcdefghabcdefghabcdef  │
    │             ghabcdefghabcdefghabcdefghabcdefghabcdefgh]      │
    │    Service  Unknown[abcdefghabcdefghabcdefghabcdefghabcdefg  │
    │             habcdefghabcdefghabcdefghabcdefghabcdefghabcdef  │
    │             ghabcdefghabcdefghabcdefghabcdefghabcdefgh]      │
    │  Target  v0.9.4-dev.2                                        │
    │                                                              │
    │  Compatibility unknown                                       │
    │  ↑/↓ PgUp/PgDn scroll · 1–10/20                              │
    │                                                              │
    │                                          Confirm    Cancel   │
    │  ←/→ Tab select · Enter accept · Esc cancel                  │
    │                                                              │
    ╰──────────────────────────────────────────────────────────────╯
